------------------------------------------------------------
Timing Analyzer Summary
------------------------------------------------------------

Type  : Slow 1100mV 100C Model Setup 'cpu:cpu|st7920_serial_driver:gpu|lcd_clk'
Slack : -31.412
TNS   : -1884.356

Type  : Slow 1100mV 100C Model Setup 'downclocker:dc|clk_out'
Slack : -11.058
TNS   : -87363.415

Type  : Slow 1100mV 100C Model Setup 'fpga_clk'
Slack : -4.953
TNS   : -27.713

Type  : Slow 1100mV 100C Model Hold 'downclocker:dc|clk_out'
Slack : 0.429
TNS   : 0.000

Type  : Slow 1100mV 100C Model Hold 'cpu:cpu|st7920_serial_driver:gpu|lcd_clk'
Slack : 0.501
TNS   : 0.000

Type  : Slow 1100mV 100C Model Hold 'fpga_clk'
Slack : 0.814
TNS   : 0.000

Type  : Slow 1100mV 100C Model Minimum Pulse Width 'downclocker:dc|clk_out'
Slack : -2.636
TNS   : -8430.055

Type  : Slow 1100mV 100C Model Minimum Pulse Width 'fpga_clk'
Slack : -0.622
TNS   : -17.105

Type  : Slow 1100mV 100C Model Minimum Pulse Width 'cpu:cpu|st7920_serial_driver:gpu|lcd_clk'
Slack : -0.538
TNS   : -172.550

Type  : Slow 1100mV -40C Model Setup 'cpu:cpu|st7920_serial_driver:gpu|lcd_clk'
Slack : -29.494
TNS   : -1798.010

Type  : Slow 1100mV -40C Model Setup 'downclocker:dc|clk_out'
Slack : -11.057
TNS   : -87142.095

Type  : Slow 1100mV -40C Model Setup 'fpga_clk'
Slack : -4.658
TNS   : -29.299

Type  : Slow 1100mV -40C Model Hold 'downclocker:dc|clk_out'
Slack : 0.483
TNS   : 0.000

Type  : Slow 1100mV -40C Model Hold 'cpu:cpu|st7920_serial_driver:gpu|lcd_clk'
Slack : 0.546
TNS   : 0.000

Type  : Slow 1100mV -40C Model Hold 'fpga_clk'
Slack : 0.786
TNS   : 0.000

Type  : Slow 1100mV -40C Model Minimum Pulse Width 'downclocker:dc|clk_out'
Slack : -2.636
TNS   : -8301.987

Type  : Slow 1100mV -40C Model Minimum Pulse Width 'fpga_clk'
Slack : -0.627
TNS   : -18.184

Type  : Slow 1100mV -40C Model Minimum Pulse Width 'cpu:cpu|st7920_serial_driver:gpu|lcd_clk'
Slack : -0.538
TNS   : -170.070

Type  : Fast 1100mV 100C Model Setup 'cpu:cpu|st7920_serial_driver:gpu|lcd_clk'
Slack : -16.301
TNS   : -1018.017

Type  : Fast 1100mV 100C Model Setup 'downclocker:dc|clk_out'
Slack : -5.608
TNS   : -44394.911

Type  : Fast 1100mV 100C Model Setup 'fpga_clk'
Slack : -3.718
TNS   : -8.178

Type  : Fast 1100mV 100C Model Hold 'cpu:cpu|st7920_serial_driver:gpu|lcd_clk'
Slack : 0.160
TNS   : 0.000

Type  : Fast 1100mV 100C Model Hold 'downclocker:dc|clk_out'
Slack : 0.177
TNS   : 0.000

Type  : Fast 1100mV 100C Model Hold 'fpga_clk'
Slack : 0.303
TNS   : 0.000

Type  : Fast 1100mV 100C Model Minimum Pulse Width 'downclocker:dc|clk_out'
Slack : -2.174
TNS   : -537.344

Type  : Fast 1100mV 100C Model Minimum Pulse Width 'fpga_clk'
Slack : -0.517
TNS   : -2.901

Type  : Fast 1100mV 100C Model Minimum Pulse Width 'cpu:cpu|st7920_serial_driver:gpu|lcd_clk'
Slack : -0.144
TNS   : -6.507

Type  : Fast 1100mV -40C Model Setup 'cpu:cpu|st7920_serial_driver:gpu|lcd_clk'
Slack : -14.004
TNS   : -820.600

Type  : Fast 1100mV -40C Model Setup 'downclocker:dc|clk_out'
Slack : -4.541
TNS   : -36337.093

Type  : Fast 1100mV -40C Model Setup 'fpga_clk'
Slack : -2.859
TNS   : -5.427

Type  : Fast 1100mV -40C Model Hold 'cpu:cpu|st7920_serial_driver:gpu|lcd_clk'
Slack : 0.138
TNS   : 0.000

Type  : Fast 1100mV -40C Model Hold 'downclocker:dc|clk_out'
Slack : 0.164
TNS   : 0.000

Type  : Fast 1100mV -40C Model Hold 'fpga_clk'
Slack : 0.289
TNS   : 0.000

Type  : Fast 1100mV -40C Model Minimum Pulse Width 'downclocker:dc|clk_out'
Slack : -2.174
TNS   : -534.258

Type  : Fast 1100mV -40C Model Minimum Pulse Width 'fpga_clk'
Slack : -0.533
TNS   : -2.899

Type  : Fast 1100mV -40C Model Minimum Pulse Width 'cpu:cpu|st7920_serial_driver:gpu|lcd_clk'
Slack : -0.057
TNS   : -2.411

------------------------------------------------------------
